COMMAND: uv run python scripts/audit_openbb_evidence_chain.py --run-id run-20260519-025450-d153ec97
EXIT_CODE: 0

STDOUT:
{
  "attempt_count": 9,
  "http_evidence_count": 15,
  "invalid_raw_refs": [],
  "missing_raw_refs": [],
  "passed": true,
  "raw_ref_count": 8,
  "remote_success_attempts_missing_normalized_ref": [],
  "remote_success_attempts_missing_raw_ref": [],
  "run_id": "run-20260519-025450-d153ec97",
  "success_http_missing_headers": [],
  "success_http_missing_raw_ref": [],
  "success_http_missing_response_status": [],
  "success_http_missing_source_url": []
}


STDERR:
WARN `pyproject.toml` does not contain a `project` table: `/home/frank/pyproject.toml`
WARN `pyproject.toml` does not contain a `project` table: `/home/frank/pyproject.toml`

