WARN `pyproject.toml` does not contain a `project` table: `/home/frank/pyproject.toml`
WARN `pyproject.toml` does not contain a `project` table: `/home/frank/pyproject.toml`
{
  "context_index": [
    {
      "index_level": "L0",
      "reason": "L0 URI tree index available via control-plane wrappers",
      "searchable_by_control_plane": true,
      "status": "ok",
      "uri": "viking://resources/workflow/run-20260517-225048-30bcbc33/",
      "vectorized": false,
      "visible_to_worker": false
    },
    {
      "index_level": "L1",
      "reason": "L1 approved material metadata index available via control-plane wrappers",
      "searchable_by_control_plane": true,
      "status": "ok",
      "uri": "viking://resources/workflow/run-20260517-225048-30bcbc33/",
      "vectorized": false,
      "visible_to_worker": false
    },
    {
      "index_level": "semantic",
      "reason": "OpenViking semantic/vector queue is disabled in claw-trade report runtime",
      "searchable_by_control_plane": false,
      "status": "blocked",
      "uri": "viking://resources/workflow/run-20260517-225048-30bcbc33/",
      "vectorized": false,
      "visible_to_worker": false
    }
  ],
  "evidence_path": "docs/evidence/openbb-crypto-btc-full-chain-http-openviking-20260517T225042Z/openviking/openviking-runtime-evidence-run-20260517-225048-30bcbc33.json",
  "glob": {
    "matches": [
      "{'matches': [], 'count': 0}"
    ],
    "pattern": "**/approved-manifest.json",
    "root_cause": null,
    "root_uri": "viking://resources/workflow/run-20260517-225048-30bcbc33/",
    "status": "ok"
  },
  "grep": {
    "matches": [
      {
        "content": "  \"call_id\": \"run-20260517-225048-30bcbc33-portfolio_decision-t00-portfolio_manager-20260517T225605563903Z-f28e0e55\",",
        "line": "5",
        "uri": "viking://resources/workflow/run-20260517-225048-30bcbc33/portfolio_decision/portfolio_manager/run-20260517-225048-30bcbc33-portfolio_decision-t00-portfolio_manager-20260517T225605563903Z-f28e0e55/evidence/index.json"
      },
      {
        "content": "  \"worker_id\": \"portfolio_manager\",",
        "line": "6",
        "uri": "viking://resources/workflow/run-20260517-225048-30bcbc33/portfolio_decision/portfolio_manager/run-20260517-225048-30bcbc33-portfolio_decision-t00-portfolio_manager-20260517T225605563903Z-f28e0e55/evidence/index.json"
      }
    ],
    "pattern": "portfolio_manager",
    "root_cause": null,
    "root_uri": "viking://resources/workflow/run-20260517-225048-30bcbc33/",
    "status": "ok"
  },
  "ovpack_export": {
    "bundle_path": "docs/evidence/openbb-crypto-btc-full-chain-http-openviking-20260517T225042Z/openviking/ovpack/run-20260517-225048-30bcbc33.ovpack",
    "bundle_uri": "viking://resources/workflow/run-20260517-225048-30bcbc33/evidence/bundles/run-20260517-225048-30bcbc33.ovpack",
    "exported_at": "2026-05-17T22:58:00Z",
    "external_store_refs": [],
    "import_status": null,
    "imported_run_id": null,
    "portability_status": "metadata_verified",
    "raw_payload_policy": "external_store_required",
    "root_cause": null,
    "run_id": "run-20260517-225048-30bcbc33",
    "sha256": "sha256:84b705f2beeacde47cc8a1c9d42cbbcf2c22f0a3a5e39ac93972b5153e108b71",
    "size_bytes": 8812
  },
  "ovpack_import": {
    "bundle_path": "docs/evidence/openbb-crypto-btc-full-chain-http-openviking-20260517T225042Z/openviking/ovpack/run-20260517-225048-30bcbc33.ovpack",
    "bundle_uri": "viking://resources/workflow/imported/import-check-run-20260517-225048-30bcbc33/run-20260517-225048-30bcbc33",
    "exported_at": "2026-05-17T22:58:00Z",
    "external_store_refs": [],
    "import_status": "ok",
    "imported_run_id": "import-check-run-20260517-225048-30bcbc33",
    "portability_status": "metadata_verified",
    "raw_payload_policy": "external_store_required",
    "root_cause": null,
    "run_id": "import-check-run-20260517-225048-30bcbc33",
    "sha256": "sha256:84b705f2beeacde47cc8a1c9d42cbbcf2c22f0a3a5e39ac93972b5153e108b71",
    "size_bytes": 8812
  },
  "relations": [],
  "run_id": "run-20260517-225048-30bcbc33",
  "run_root_uri": "viking://resources/workflow/run-20260517-225048-30bcbc33/",
  "runtime_health": {
    "checked_at": "2026-05-17T22:58:00Z",
    "lock_status": "ok",
    "metrics_status": "unavailable",
    "observer_status": "ok",
    "queue_status": "blocked",
    "raw_refs": [],
    "recovery_status": "unavailable",
    "root_cause": "metrics endpoint unavailable; OpenViking semantic/vector queue is disabled in claw-trade report runtime; upstream public recovery API 未确认",
    "status": "blocked"
  },
  "tree": {
    "node_count": 33,
    "nodes": [
      {
        "abstract": "[.abstract.md is not ready]",
        "isDir": "True",
        "modTime": "22:56:05",
        "rel_path": "risk_debate",
        "size": "4096",
        "uri": "viking://resources/workflow/run-20260517-225048-30bcbc33/risk_debate"
      },
      {
        "abstract": "[.abstract.md is not ready]",
        "isDir": "True",
        "modTime": "22:55:33",
        "rel_path": "risk_debate/risk_guardian",
        "size": "4096",
        "uri": "viking://resources/workflow/run-20260517-225048-30bcbc33/risk_debate/risk_guardian"
      },
      {
        "abstract": "[.abstract.md is not ready]",
        "isDir": "True",
        "modTime": "22:55:33",
        "rel_path": "risk_debate/risk_guardian/run-20260517-225048-30bcbc33-risk_debate-t01-risk_guardian-20260517T225501180506Z-cdac9165",
        "size": "4096",
        "uri": "viking://resources/workflow/run-20260517-225048-30bcbc33/risk_debate/risk_guardian/run-20260517-225048-30bcbc33-risk_debate-t01-risk_guardian-20260517T225501180506Z-cdac9165"
      },
      {
        "abstract": "[.abstract.md is not ready]",
        "isDir": "True",
        "modTime": "22:56:05",
        "rel_path": "risk_debate/risk_moderator",
        "size": "4096",
        "uri": "viking://resources/workflow/run-20260517-225048-30bcbc33/risk_debate/risk_moderator"
      },
      {
        "abstract": "[.abstract.md is not ready]",
        "isDir": "True",
        "modTime": "22:56:05",
        "rel_path": "risk_debate/risk_moderator/run-20260517-225048-30bcbc33-risk_debate-t02-risk_moderator-20260517T225533850115Z-3ddce1e9",
        "size": "4096",
        "uri": "viking://resources/workflow/run-20260517-225048-30bcbc33/risk_debate/risk_moderator/run-20260517-225048-30bcbc33-risk_debate-t02-risk_moderator-20260517T225533850115Z-3ddce1e9"
      },
      {
        "abstract": "[.abstract.md is not ready]",
        "isDir": "True",
        "modTime": "22:55:00",
        "rel_path": "risk_debate/risk_challenger",
        "size": "4096",
        "uri": "viking://resources/workflow/run-20260517-225048-30bcbc33/risk_debate/risk_challenger"
      },
      {
        "abstract": "[.abstract.md is not ready]",
        "isDir": "True",
        "modTime": "22:55:00",
        "rel_path": "risk_debate/risk_challenger/run-20260517-225048-30bcbc33-risk_debate-t00-risk_challenger-20260517T225420658979Z-c79431ea",
        "size": "4096",
        "uri": "viking://resources/workflow/run-20260517-225048-30bcbc33/risk_debate/risk_challenger/run-20260517-225048-30bcbc33-risk_debate-t00-risk_challenger-20260517T225420658979Z-c79431ea"
      },
      {
        "abstract": "[.abstract.md is not ready]",
        "isDir": "True",
        "modTime": "22:51:52",
        "rel_path": "frontline",
        "size": "4096",
        "uri": "viking://resources/workflow/run-20260517-225048-30bcbc33/frontline"
      },
      {
        "abstract": "[.abstract.md is not ready]",
        "isDir": "True",
        "modTime": "22:51:35",
        "rel_path": "frontline/social_analyst",
        "size": "4096",
        "uri": "viking://resources/workflow/run-20260517-225048-30bcbc33/frontline/social_analyst"
      },
      {
        "abstract": "[.abstract.md is not ready]",
        "isDir": "True",
        "modTime": "22:51:35",
        "rel_path": "frontline/social_analyst/run-20260517-225048-30bcbc33-frontline-t00-social_analyst-20260517T225048424573Z-577b8a5f",
        "size": "4096",
        "uri": "viking://resources/workflow/run-20260517-225048-30bcbc33/frontline/social_analyst/run-20260517-225048-30bcbc33-frontline-t00-social_analyst-20260517T225048424573Z-577b8a5f"
      },
      {
        "abstract": "[.abstract.md is not ready]",
        "isDir": "True",
        "modTime": "22:51:52",
        "rel_path": "frontline/market_analyst",
        "size": "4096",
        "uri": "viking://resources/workflow/run-20260517-225048-30bcbc33/frontline/market_analyst"
      },
      {
        "abstract": "[.abstract.md is not ready]",
        "isDir": "True",
        "modTime": "22:51:52",
        "rel_path": "frontline/market_analyst/run-20260517-225048-30bcbc33-frontline-t00-market_analyst-20260517T225048423622Z-5c400eec",
        "size": "4096",
        "uri": "viking://resources/workflow/run-20260517-225048-30bcbc33/frontline/market_analyst/run-20260517-225048-30bcbc33-frontline-t00-market_analyst-20260517T225048423622Z-5c400eec"
      },
      {
        "abstract": "[.abstract.md is not ready]",
        "isDir": "True",
        "modTime": "22:51:40",
        "rel_path": "frontline/fundamental_analyst",
        "size": "4096",
        "uri": "viking://resources/workflow/run-20260517-225048-30bcbc33/frontline/fundamental_analyst"
      },
      {
        "abstract": "[.abstract.md is not ready]",
        "isDir": "True",
        "modTime": "22:51:40",
        "rel_path": "frontline/fundamental_analyst/run-20260517-225048-30bcbc33-frontline-t00-fundamental_analyst-20260517T225048424009Z-0817ae34",
        "size": "4096",
        "uri": "viking://resources/workflow/run-20260517-225048-30bcbc33/frontline/fundamental_analyst/run-20260517-225048-30bcbc33-frontline-t00-fundamental_analyst-20260517T225048424009Z-0817ae34"
      },
      {
        "abstract": "[.abstract.md is not ready]",
        "isDir": "True",
        "modTime": "22:51:35",
        "rel_path": "frontline/news_analyst",
        "size": "4096",
        "uri": "viking://resources/workflow/run-20260517-225048-30bcbc33/frontline/news_analyst"
      },
      {
        "abstract": "[.abstract.md is not ready]",
        "isDir": "True",
        "modTime": "22:51:35",
        "rel_path": "frontline/news_analyst/run-20260517-225048-30bcbc33-frontline-t00-news_analyst-20260517T225048424294Z-20fe9445",
        "size": "4096",
        "uri": "viking://resources/workflow/run-20260517-225048-30bcbc33/frontline/news_analyst/run-20260517-225048-30bcbc33-frontline-t00-news_analyst-20260517T225048424294Z-20fe9445"
      },
      {
        "abstract": "[.abstract.md is not ready]",
        "isDir": "True",
        "modTime": "22:54:20",
        "rel_path": "trade_decision",
        "size": "4096",
        "uri": "viking://resources/workflow/run-20260517-225048-30bcbc33/trade_decision"
      },
      {
        "abstract": "[.abstract.md is not ready]",
        "isDir": "True",
        "modTime": "22:54:20",
        "rel_path": "trade_decision/trader",
        "size": "4096",
        "uri": "viking://resources/workflow/run-20260517-225048-30bcbc33/trade_decision/trader"
      },
      {
        "abstract": "[.abstract.md is not ready]",
        "isDir": "True",
        "modTime": "22:54:20",
        "rel_path": "trade_decision/trader/run-20260517-225048-30bcbc33-trade_decision-t00-trader-20260517T225350788628Z-6e0d536c",
        "size": "4096",
        "uri": "viking://resources/workflow/run-20260517-225048-30bcbc33/trade_decision/trader/run-20260517-225048-30bcbc33-trade_decision-t00-trader-20260517T225350788628Z-6e0d536c"
      },
      {
        "abstract": "[.abstract.md is not ready]",
        "isDir": "True",
        "modTime": "22:53:50",
        "rel_path": "investment_decision",
        "size": "4096",
        "uri": "viking://resources/workflow/run-20260517-225048-30bcbc33/investment_decision"
      },
      {
        "abstract": "[.abstract.md is not ready]",
        "isDir": "True",
        "modTime": "22:53:50",
        "rel_path": "investment_decision/research_manager",
        "size": "4096",
        "uri": "viking://resources/workflow/run-20260517-225048-30bcbc33/investment_decision/research_manager"
      },
      {
        "abstract": "[.abstract.md is not ready]",
        "isDir": "True",
        "modTime": "22:53:50",
        "rel_path": "investment_decision/research_manager/run-20260517-225048-30bcbc33-investment_decision-t00-research_manager-20260517T225316624813Z-6aea6f7e",
        "size": "4096",
        "uri": "viking://resources/workflow/run-20260517-225048-30bcbc33/investment_decision/research_manager/run-20260517-225048-30bcbc33-investment_decision-t00-research_manager-20260517T225316624813Z-6aea6f7e"
      },
      {
        "abstract": "[.abstract.md is not ready]",
        "isDir": "True",
        "modTime": "22:57:58",
        "rel_path": "final_report",
        "size": "4096",
        "uri": "viking://resources/workflow/run-20260517-225048-30bcbc33/final_report"
      },
      {
        "abstract": "[.abstract.md is not ready]",
        "isDir": "True",
        "modTime": "22:57:58",
        "rel_path": "final_report/report_polisher",
        "size": "4096",
        "uri": "viking://resources/workflow/run-20260517-225048-30bcbc33/final_report/report_polisher"
      },
      {
        "abstract": "[.abstract.md is not ready]",
        "isDir": "True",
        "modTime": "22:57:58",
        "rel_path": "final_report/report_polisher/run-20260517-225048-30bcbc33-final_report-t00-report_polisher-20260517T225649457407Z-64bbcf07",
        "size": "4096",
        "uri": "viking://resources/workflow/run-20260517-225048-30bcbc33/final_report/report_polisher/run-20260517-225048-30bcbc33-final_report-t00-report_polisher-20260517T225649457407Z-64bbcf07"
      },
      {
        "abstract": "[.abstract.md is not ready]",
        "isDir": "True",
        "modTime": "22:56:49",
        "rel_path": "portfolio_decision",
        "size": "4096",
        "uri": "viking://resources/workflow/run-20260517-225048-30bcbc33/portfolio_decision"
      },
      {
        "abstract": "[.abstract.md is not ready]",
        "isDir": "True",
        "modTime": "22:56:49",
        "rel_path": "portfolio_decision/portfolio_manager",
        "size": "4096",
        "uri": "viking://resources/workflow/run-20260517-225048-30bcbc33/portfolio_decision/portfolio_manager"
      },
      {
        "abstract": "[.abstract.md is not ready]",
        "isDir": "True",
        "modTime": "22:56:49",
        "rel_path": "portfolio_decision/portfolio_manager/run-20260517-225048-30bcbc33-portfolio_decision-t00-portfolio_manager-20260517T225605563903Z-f28e0e55",
        "size": "4096",
        "uri": "viking://resources/workflow/run-20260517-225048-30bcbc33/portfolio_decision/portfolio_manager/run-20260517-225048-30bcbc33-portfolio_decision-t00-portfolio_manager-20260517T225605563903Z-f28e0e55"
      },
      {
        "abstract": "[.abstract.md is not ready]",
        "isDir": "True",
        "modTime": "22:53:16",
        "rel_path": "investment_debate",
        "size": "4096",
        "uri": "viking://resources/workflow/run-20260517-225048-30bcbc33/investment_debate"
      },
      {
        "abstract": "[.abstract.md is not ready]",
        "isDir": "True",
        "modTime": "22:52:36",
        "rel_path": "investment_debate/bull_researcher",
        "size": "4096",
        "uri": "viking://resources/workflow/run-20260517-225048-30bcbc33/investment_debate/bull_researcher"
      },
      {
        "abstract": "[.abstract.md is not ready]",
        "isDir": "True",
        "modTime": "22:52:36",
        "rel_path": "investment_debate/bull_researcher/run-20260517-225048-30bcbc33-investment_debate-t00-bull_researcher-20260517T225152409731Z-2e4bf49c",
        "size": "4096",
        "uri": "viking://resources/workflow/run-20260517-225048-30bcbc33/investment_debate/bull_researcher/run-20260517-225048-30bcbc33-investment_debate-t00-bull_researcher-20260517T225152409731Z-2e4bf49c"
      },
      {
        "abstract": "[.abstract.md is not ready]",
        "isDir": "True",
        "modTime": "22:53:16",
        "rel_path": "investment_debate/bear_researcher",
        "size": "4096",
        "uri": "viking://resources/workflow/run-20260517-225048-30bcbc33/investment_debate/bear_researcher"
      },
      {
        "abstract": "[.abstract.md is not ready]",
        "isDir": "True",
        "modTime": "22:53:16",
        "rel_path": "investment_debate/bear_researcher/run-20260517-225048-30bcbc33-investment_debate-t01-bear_researcher-20260517T225236762212Z-c745fd55",
        "size": "4096",
        "uri": "viking://resources/workflow/run-20260517-225048-30bcbc33/investment_debate/bear_researcher/run-20260517-225048-30bcbc33-investment_debate-t01-bear_researcher-20260517T225236762212Z-c745fd55"
      }
    ],
    "root_cause": null,
    "root_uri": "viking://resources/workflow/run-20260517-225048-30bcbc33/",
    "status": "ok"
  }
}
